     2>C:\Program Files\dotnet\sdk\8.0.303\Microsoft.Common.CurrentVersion.targets(5270,5): error MSB3027: Could not copy "C:\Users\vedat\source\repos\PersonelTakipSistemi\PersonelTakipSistemi\obj\Debug\net8.0\apphost.exe" to "bin\Debug\net8.0\PersonelTakipSistemi.exe". Exceeded retry count of 10. Failed. The file is locked by: "PersonelTakipSistemi (44984)" [C:\Users\vedat\source\repos\PersonelTakipSistemi\PersonelTakipSistemi\PersonelTakipSistemi.csproj]
     2>C:\Program Files\dotnet\sdk\8.0.303\Microsoft.Common.CurrentVersion.targets(5270,5): error MSB3021: Unable to copy file "C:\Users\vedat\source\repos\PersonelTakipSistemi\PersonelTakipSistemi\obj\Debug\net8.0\apphost.exe" to "bin\Debug\net8.0\PersonelTakipSistemi.exe". The process cannot access the file 'C:\Users\vedat\source\repos\PersonelTakipSistemi\PersonelTakipSistemi\bin\Debug\net8.0\PersonelTakipSistemi.exe' because it is being used by another process. [C:\Users\vedat\source\repos\PersonelTakipSistemi\PersonelTakipSistemi\PersonelTakipSistemi.csproj]

Build FAILED.
    10 Warning(s)
    2 Error(s)

Time Elapsed 00:00:12.19
